[0.011s] Invoking command in '/home/tom/hayden_ws/Hayden_ws_ros/build/social_robot_interfaces': CMAKE_PREFIX_PATH=/opt/ros/humble /usr/bin/cmake /home/tom/hayden_ws/Hayden_ws_ros/src/social_robot_interfaces -DAMENT_CMAKE_SYMLINK_INSTALL=1 -DCMAKE_INSTALL_PREFIX=/home/tom/hayden_ws/Hayden_ws_ros/install/social_robot_interfaces
[0.102s] -- The C compiler identification is GNU 11.4.0
[0.184s] -- The CXX compiler identification is GNU 11.4.0
[0.194s] -- Detecting C compiler ABI info
[0.265s] -- Detecting C compiler ABI info - done
[0.270s] -- Check for working C compiler: /usr/bin/cc - skipped
[0.270s] -- Detecting C compile features
[0.271s] -- Detecting C compile features - done
[0.274s] -- Detecting CXX compiler ABI info
[0.350s] -- Detecting CXX compiler ABI info - done
[0.356s] -- Check for working CXX compiler: /usr/bin/c++ - skipped
[0.356s] -- Detecting CXX compile features
[0.356s] -- Detecting CXX compile features - done
[0.367s] -- Found ament_cmake: 1.3.14 (/opt/ros/humble/share/ament_cmake/cmake)
[0.492s] -- Found Python3: /usr/bin/python3 (found version "3.10.12") found components: Interpreter 
[0.547s] -- Override CMake install command with custom implementation using symlinks instead of copying resources
[0.585s] -- Found geometry_msgs: 4.9.1 (/opt/ros/humble/share/geometry_msgs/cmake)
[0.642s] -- Found rosidl_generator_c: 3.1.8 (/opt/ros/humble/share/rosidl_generator_c/cmake)
[0.648s] -- Found rosidl_adapter: 3.1.8 (/opt/ros/humble/share/rosidl_adapter/cmake)
[0.659s] -- Found rosidl_generator_cpp: 3.1.8 (/opt/ros/humble/share/rosidl_generator_cpp/cmake)
[0.676s] -- Using all available rosidl_typesupport_c: rosidl_typesupport_fastrtps_c;rosidl_typesupport_introspection_c
[0.694s] -- Using all available rosidl_typesupport_cpp: rosidl_typesupport_fastrtps_cpp;rosidl_typesupport_introspection_cpp
[0.737s] -- Found rosidl_default_generators: 1.2.1 (/opt/ros/humble/share/rosidl_default_generators/cmake)
[0.988s] -- Found ament_cmake_ros: 0.10.0 (/opt/ros/humble/share/ament_cmake_ros/cmake)
[1.327s] -- Using all available rosidl_typesupport_c: rosidl_typesupport_fastrtps_c;rosidl_typesupport_introspection_c
[1.456s] -- Using all available rosidl_typesupport_cpp: rosidl_typesupport_fastrtps_cpp;rosidl_typesupport_introspection_cpp
[1.474s] -- Found PythonInterp: /usr/bin/python3 (found suitable version "3.10.12", minimum required is "3.6") 
[1.476s] -- Found python_cmake_module: 0.10.0 (/opt/ros/humble/share/python_cmake_module/cmake)
[1.501s] -- Found PythonLibs: /usr/lib/x86_64-linux-gnu/libpython3.10.so (found suitable version "3.10.12", minimum required is "3.5") 
[1.501s] -- Using PYTHON_EXECUTABLE: /usr/bin/python3
[1.501s] -- Using PYTHON_INCLUDE_DIRS: /usr/include/python3.10
[1.501s] -- Using PYTHON_LIBRARIES: /usr/lib/x86_64-linux-gnu/libpython3.10.so
[1.518s] -- Found PythonExtra: .so  
[1.635s] -- Found ament_lint_auto: 0.12.15 (/opt/ros/humble/share/ament_lint_auto/cmake)
[1.664s] -- Added test 'lint_cmake' to check CMake code style
[1.666s] -- Added test 'xmllint' to check XML markup files
[1.669s] -- Configuring done
[1.704s] -- Generating done
[1.714s] -- Build files have been written to: /home/tom/hayden_ws/Hayden_ws_ros/build/social_robot_interfaces
[1.724s] Invoked command in '/home/tom/hayden_ws/Hayden_ws_ros/build/social_robot_interfaces' returned '0': CMAKE_PREFIX_PATH=/opt/ros/humble /usr/bin/cmake /home/tom/hayden_ws/Hayden_ws_ros/src/social_robot_interfaces -DAMENT_CMAKE_SYMLINK_INSTALL=1 -DCMAKE_INSTALL_PREFIX=/home/tom/hayden_ws/Hayden_ws_ros/install/social_robot_interfaces
[1.726s] Invoking command in '/home/tom/hayden_ws/Hayden_ws_ros/build/social_robot_interfaces': CMAKE_PREFIX_PATH=/opt/ros/humble /usr/bin/cmake --build /home/tom/hayden_ws/Hayden_ws_ros/build/social_robot_interfaces -- -j12 -l12
[1.763s] [  2%] [34m[1mGenerating C code for ROS interfaces[0m
[1.772s] [  4%] [34m[1mGenerating Rust code for ROS interfaces[0m
[1.772s] [  6%] [34m[1mGenerating C++ code for ROS interfaces[0m
[1.780s] [  6%] Built target ament_cmake_python_symlink_social_robot_interfaces
[1.980s] [  6%] Built target social_robot_interfaces__rs
[1.998s] running egg_info
[1.999s] creating social_robot_interfaces.egg-info
[1.999s] writing social_robot_interfaces.egg-info/PKG-INFO
[1.999s] writing dependency_links to social_robot_interfaces.egg-info/dependency_links.txt
[1.999s] writing top-level names to social_robot_interfaces.egg-info/top_level.txt
[2.000s] writing manifest file 'social_robot_interfaces.egg-info/SOURCES.txt'
[2.003s] reading manifest file 'social_robot_interfaces.egg-info/SOURCES.txt'
[2.003s] writing manifest file 'social_robot_interfaces.egg-info/SOURCES.txt'
[2.031s] [  6%] Built target ament_cmake_python_build_social_robot_interfaces_egg
[2.077s] [  6%] Built target social_robot_interfaces__cpp
[2.078s] [ 12%] [32mBuilding C object CMakeFiles/social_robot_interfaces__rosidl_generator_c.dir/rosidl_generator_c/social_robot_interfaces/srv/detail/description__functions.c.o[0m
[2.078s] [ 12%] [32mBuilding C object CMakeFiles/social_robot_interfaces__rosidl_generator_c.dir/rosidl_generator_c/social_robot_interfaces/srv/detail/tours__functions.c.o[0m
[2.078s] [ 12%] [32mBuilding C object CMakeFiles/social_robot_interfaces__rosidl_generator_c.dir/rosidl_generator_c/social_robot_interfaces/msg/detail/tsp_command__functions.c.o[0m
[2.088s] [ 18%] [34m[1mGenerating C++ type support dispatch for ROS interfaces[0m
[2.088s] [ 18%] [34m[1mGenerating C++ introspection for ROS interfaces[0m
[2.088s] [ 18%] [34m[1mGenerating C++ type support for eProsima Fast-RTPS[0m
[2.151s] [ 20%] [32m[1mLinking C shared library libsocial_robot_interfaces__rosidl_generator_c.so[0m
[2.187s] [ 20%] Built target social_robot_interfaces__rosidl_generator_c
[2.198s] [ 27%] [34m[1mGenerating C type support dispatch for ROS interfaces[0m
[2.198s] [ 27%] [34m[1mGenerating C type support for eProsima Fast-RTPS[0m
[2.198s] [ 27%] [34m[1mGenerating C introspection for ROS interfaces[0m
[2.348s] [ 29%] [32mBuilding CXX object CMakeFiles/social_robot_interfaces__rosidl_typesupport_cpp.dir/rosidl_typesupport_cpp/social_robot_interfaces/msg/tsp_command__type_support.cpp.o[0m
[2.353s] [ 33%] [32mBuilding CXX object CMakeFiles/social_robot_interfaces__rosidl_typesupport_cpp.dir/rosidl_typesupport_cpp/social_robot_interfaces/srv/description__type_support.cpp.o[0m
[2.353s] [ 33%] [32mBuilding CXX object CMakeFiles/social_robot_interfaces__rosidl_typesupport_cpp.dir/rosidl_typesupport_cpp/social_robot_interfaces/srv/tours__type_support.cpp.o[0m
[2.393s] [ 39%] [32mBuilding CXX object CMakeFiles/social_robot_interfaces__rosidl_typesupport_introspection_cpp.dir/rosidl_typesupport_introspection_cpp/social_robot_interfaces/srv/detail/description__type_support.cpp.o[0m
[2.393s] [ 39%] [32mBuilding CXX object CMakeFiles/social_robot_interfaces__rosidl_typesupport_introspection_cpp.dir/rosidl_typesupport_introspection_cpp/social_robot_interfaces/msg/detail/tsp_command__type_support.cpp.o[0m
[2.393s] [ 39%] [32mBuilding CXX object CMakeFiles/social_robot_interfaces__rosidl_typesupport_introspection_cpp.dir/rosidl_typesupport_introspection_cpp/social_robot_interfaces/srv/detail/tours__type_support.cpp.o[0m
[2.443s] [ 41%] [32mBuilding CXX object CMakeFiles/social_robot_interfaces__rosidl_typesupport_fastrtps_cpp.dir/rosidl_typesupport_fastrtps_cpp/social_robot_interfaces/msg/detail/dds_fastrtps/tsp_command__type_support.cpp.o[0m
[2.443s] [ 43%] [32mBuilding CXX object CMakeFiles/social_robot_interfaces__rosidl_typesupport_fastrtps_cpp.dir/rosidl_typesupport_fastrtps_cpp/social_robot_interfaces/srv/detail/dds_fastrtps/tours__type_support.cpp.o[0m
[2.447s] [ 45%] [32mBuilding CXX object CMakeFiles/social_robot_interfaces__rosidl_typesupport_fastrtps_cpp.dir/rosidl_typesupport_fastrtps_cpp/social_robot_interfaces/srv/detail/dds_fastrtps/description__type_support.cpp.o[0m
[2.554s] [ 47%] [32mBuilding CXX object CMakeFiles/social_robot_interfaces__rosidl_typesupport_c.dir/rosidl_typesupport_c/social_robot_interfaces/msg/tsp_command__type_support.cpp.o[0m
[2.610s] [ 50%] [32mBuilding CXX object CMakeFiles/social_robot_interfaces__rosidl_typesupport_c.dir/rosidl_typesupport_c/social_robot_interfaces/srv/tours__type_support.cpp.o[0m
[2.688s] [ 52%] [32mBuilding CXX object CMakeFiles/social_robot_interfaces__rosidl_typesupport_fastrtps_c.dir/rosidl_typesupport_fastrtps_c/social_robot_interfaces/msg/detail/tsp_command__type_support_c.cpp.o[0m
[2.696s] [ 54%] [32mBuilding CXX object CMakeFiles/social_robot_interfaces__rosidl_typesupport_c.dir/rosidl_typesupport_c/social_robot_interfaces/srv/description__type_support.cpp.o[0m
[2.712s] [ 56%] [32mBuilding C object CMakeFiles/social_robot_interfaces__rosidl_typesupport_introspection_c.dir/rosidl_typesupport_introspection_c/social_robot_interfaces/msg/detail/tsp_command__type_support.c.o[0m
[2.762s] [ 58%] [32m[1mLinking CXX shared library libsocial_robot_interfaces__rosidl_typesupport_c.so[0m
[2.803s] [ 60%] [32mBuilding C object CMakeFiles/social_robot_interfaces__rosidl_typesupport_introspection_c.dir/rosidl_typesupport_introspection_c/social_robot_interfaces/srv/detail/tours__type_support.c.o[0m
[2.816s] [ 62%] [32mBuilding CXX object CMakeFiles/social_robot_interfaces__rosidl_typesupport_fastrtps_c.dir/rosidl_typesupport_fastrtps_c/social_robot_interfaces/srv/detail/tours__type_support_c.cpp.o[0m
[2.841s] [ 62%] Built target social_robot_interfaces__rosidl_typesupport_c
[2.857s] [ 66%] [32m[1mLinking CXX shared library libsocial_robot_interfaces__rosidl_typesupport_cpp.so[0m
[2.857s] [ 66%] [32mBuilding CXX object CMakeFiles/social_robot_interfaces__rosidl_typesupport_fastrtps_c.dir/rosidl_typesupport_fastrtps_c/social_robot_interfaces/srv/detail/description__type_support_c.cpp.o[0m
[2.858s] [ 68%] [32mBuilding C object CMakeFiles/social_robot_interfaces__rosidl_typesupport_introspection_c.dir/rosidl_typesupport_introspection_c/social_robot_interfaces/srv/detail/description__type_support.c.o[0m
[2.928s] [ 70%] [32m[1mLinking C shared library libsocial_robot_interfaces__rosidl_typesupport_introspection_c.so[0m
[2.946s] [ 70%] Built target social_robot_interfaces__rosidl_typesupport_cpp
[2.993s] [ 70%] Built target social_robot_interfaces__rosidl_typesupport_introspection_c
[3.101s] [ 72%] [32m[1mLinking CXX shared library libsocial_robot_interfaces__rosidl_typesupport_introspection_cpp.so[0m
[3.166s] [ 75%] [32m[1mLinking CXX shared library libsocial_robot_interfaces__rosidl_typesupport_fastrtps_cpp.so[0m
[3.194s] [ 75%] Built target social_robot_interfaces__rosidl_typesupport_introspection_cpp
[3.250s] [ 75%] Built target social_robot_interfaces__rosidl_typesupport_fastrtps_cpp
[3.254s] [ 77%] [32m[1mLinking CXX shared library libsocial_robot_interfaces__rosidl_typesupport_fastrtps_c.so[0m
[3.314s] [ 77%] Built target social_robot_interfaces__rosidl_typesupport_fastrtps_c
[3.334s] [ 77%] Built target social_robot_interfaces
[3.353s] [ 79%] [34m[1mGenerating Python code for ROS interfaces[0m
[3.767s] [ 79%] Built target social_robot_interfaces__py
[3.786s] [ 85%] [32mBuilding C object CMakeFiles/social_robot_interfaces__rosidl_generator_py.dir/rosidl_generator_py/social_robot_interfaces/srv/_tours_s.c.o[0m
[3.787s] [ 85%] [32mBuilding C object CMakeFiles/social_robot_interfaces__rosidl_generator_py.dir/rosidl_generator_py/social_robot_interfaces/srv/_description_s.c.o[0m
[3.787s] [ 85%] [32mBuilding C object CMakeFiles/social_robot_interfaces__rosidl_generator_py.dir/rosidl_generator_py/social_robot_interfaces/msg/_tsp_command_s.c.o[0m
[3.895s] [ 87%] [32m[1mLinking C shared library rosidl_generator_py/social_robot_interfaces/libsocial_robot_interfaces__rosidl_generator_py.so[0m
[3.935s] [ 87%] Built target social_robot_interfaces__rosidl_generator_py
[3.954s] [ 89%] [32mBuilding C object CMakeFiles/social_robot_interfaces__rosidl_typesupport_fastrtps_c__pyext.dir/rosidl_generator_py/social_robot_interfaces/_social_robot_interfaces_s.ep.rosidl_typesupport_fastrtps_c.c.o[0m
[3.954s] [ 91%] [32mBuilding C object CMakeFiles/social_robot_interfaces__rosidl_typesupport_introspection_c__pyext.dir/rosidl_generator_py/social_robot_interfaces/_social_robot_interfaces_s.ep.rosidl_typesupport_introspection_c.c.o[0m
[3.955s] [ 93%] [32mBuilding C object CMakeFiles/social_robot_interfaces__rosidl_typesupport_c__pyext.dir/rosidl_generator_py/social_robot_interfaces/_social_robot_interfaces_s.ep.rosidl_typesupport_c.c.o[0m
[4.047s] [100%] [32m[1mLinking C shared library rosidl_generator_py/social_robot_interfaces/social_robot_interfaces_s__rosidl_typesupport_introspection_c.cpython-310-x86_64-linux-gnu.so[0m
[4.047s] [100%] [32m[1mLinking C shared library rosidl_generator_py/social_robot_interfaces/social_robot_interfaces_s__rosidl_typesupport_c.cpython-310-x86_64-linux-gnu.so[0m
[4.047s] [100%] [32m[1mLinking C shared library rosidl_generator_py/social_robot_interfaces/social_robot_interfaces_s__rosidl_typesupport_fastrtps_c.cpython-310-x86_64-linux-gnu.so[0m
[4.084s] [100%] Built target social_robot_interfaces__rosidl_typesupport_introspection_c__pyext
[4.084s] [100%] Built target social_robot_interfaces__rosidl_typesupport_c__pyext
[4.086s] [100%] Built target social_robot_interfaces__rosidl_typesupport_fastrtps_c__pyext
[4.098s] Invoked command in '/home/tom/hayden_ws/Hayden_ws_ros/build/social_robot_interfaces' returned '0': CMAKE_PREFIX_PATH=/opt/ros/humble /usr/bin/cmake --build /home/tom/hayden_ws/Hayden_ws_ros/build/social_robot_interfaces -- -j12 -l12
[4.107s] Invoking command in '/home/tom/hayden_ws/Hayden_ws_ros/build/social_robot_interfaces': CMAKE_PREFIX_PATH=/opt/ros/humble /usr/bin/cmake --install /home/tom/hayden_ws/Hayden_ws_ros/build/social_robot_interfaces
[4.114s] -- Install configuration: ""
[4.114s] -- Execute custom install script
[4.114s] -- Symlinking: /home/tom/hayden_ws/Hayden_ws_ros/install/social_robot_interfaces/share/ament_index/resource_index/rosidl_interfaces/social_robot_interfaces
[4.125s] -- Symlinking: /home/tom/hayden_ws/Hayden_ws_ros/install/social_robot_interfaces/include/social_robot_interfaces/social_robot_interfaces/msg/detail/tsp_command__functions.h
[4.133s] -- Symlinking: /home/tom/hayden_ws/Hayden_ws_ros/install/social_robot_interfaces/include/social_robot_interfaces/social_robot_interfaces/msg/detail/tsp_command__struct.h
[4.141s] -- Symlinking: /home/tom/hayden_ws/Hayden_ws_ros/install/social_robot_interfaces/include/social_robot_interfaces/social_robot_interfaces/msg/detail/tsp_command__type_support.h
[4.149s] -- Symlinking: /home/tom/hayden_ws/Hayden_ws_ros/install/social_robot_interfaces/include/social_robot_interfaces/social_robot_interfaces/msg/rosidl_generator_c__visibility_control.h
[4.157s] -- Symlinking: /home/tom/hayden_ws/Hayden_ws_ros/install/social_robot_interfaces/include/social_robot_interfaces/social_robot_interfaces/msg/tsp_command.h
[4.165s] -- Symlinking: /home/tom/hayden_ws/Hayden_ws_ros/install/social_robot_interfaces/include/social_robot_interfaces/social_robot_interfaces/srv/description.h
[4.173s] -- Symlinking: /home/tom/hayden_ws/Hayden_ws_ros/install/social_robot_interfaces/include/social_robot_interfaces/social_robot_interfaces/srv/detail/description__functions.h
[4.180s] -- Symlinking: /home/tom/hayden_ws/Hayden_ws_ros/install/social_robot_interfaces/include/social_robot_interfaces/social_robot_interfaces/srv/detail/description__struct.h
[4.188s] -- Symlinking: /home/tom/hayden_ws/Hayden_ws_ros/install/social_robot_interfaces/include/social_robot_interfaces/social_robot_interfaces/srv/detail/description__type_support.h
[4.196s] -- Symlinking: /home/tom/hayden_ws/Hayden_ws_ros/install/social_robot_interfaces/include/social_robot_interfaces/social_robot_interfaces/srv/detail/tours__functions.h
[4.203s] -- Symlinking: /home/tom/hayden_ws/Hayden_ws_ros/install/social_robot_interfaces/include/social_robot_interfaces/social_robot_interfaces/srv/detail/tours__struct.h
[4.211s] -- Symlinking: /home/tom/hayden_ws/Hayden_ws_ros/install/social_robot_interfaces/include/social_robot_interfaces/social_robot_interfaces/srv/detail/tours__type_support.h
[4.220s] -- Symlinking: /home/tom/hayden_ws/Hayden_ws_ros/install/social_robot_interfaces/include/social_robot_interfaces/social_robot_interfaces/srv/tours.h
[4.229s] -- Symlinking: /home/tom/hayden_ws/Hayden_ws_ros/install/social_robot_interfaces/share/social_robot_interfaces/environment/library_path.sh
[4.238s] -- Symlinking: /home/tom/hayden_ws/Hayden_ws_ros/install/social_robot_interfaces/share/social_robot_interfaces/environment/library_path.dsv
[4.246s] -- Symlinking: /home/tom/hayden_ws/Hayden_ws_ros/install/social_robot_interfaces/include/social_robot_interfaces/social_robot_interfaces/msg/detail/tsp_command__rosidl_typesupport_fastrtps_c.h
[4.254s] -- Symlinking: /home/tom/hayden_ws/Hayden_ws_ros/install/social_robot_interfaces/include/social_robot_interfaces/social_robot_interfaces/msg/rosidl_typesupport_fastrtps_c__visibility_control.h
[4.262s] -- Symlinking: /home/tom/hayden_ws/Hayden_ws_ros/install/social_robot_interfaces/include/social_robot_interfaces/social_robot_interfaces/srv/detail/description__rosidl_typesupport_fastrtps_c.h
[4.269s] -- Symlinking: /home/tom/hayden_ws/Hayden_ws_ros/install/social_robot_interfaces/include/social_robot_interfaces/social_robot_interfaces/srv/detail/tours__rosidl_typesupport_fastrtps_c.h
[4.277s] -- Symlinking: /home/tom/hayden_ws/Hayden_ws_ros/install/social_robot_interfaces/include/social_robot_interfaces/social_robot_interfaces/msg/detail/tsp_command__builder.hpp
[4.285s] -- Symlinking: /home/tom/hayden_ws/Hayden_ws_ros/install/social_robot_interfaces/include/social_robot_interfaces/social_robot_interfaces/msg/detail/tsp_command__struct.hpp
[4.293s] -- Symlinking: /home/tom/hayden_ws/Hayden_ws_ros/install/social_robot_interfaces/include/social_robot_interfaces/social_robot_interfaces/msg/detail/tsp_command__traits.hpp
[4.301s] -- Symlinking: /home/tom/hayden_ws/Hayden_ws_ros/install/social_robot_interfaces/include/social_robot_interfaces/social_robot_interfaces/msg/detail/tsp_command__type_support.hpp
[4.309s] -- Symlinking: /home/tom/hayden_ws/Hayden_ws_ros/install/social_robot_interfaces/include/social_robot_interfaces/social_robot_interfaces/msg/rosidl_generator_cpp__visibility_control.hpp
[4.317s] -- Symlinking: /home/tom/hayden_ws/Hayden_ws_ros/install/social_robot_interfaces/include/social_robot_interfaces/social_robot_interfaces/msg/tsp_command.hpp
[4.326s] -- Symlinking: /home/tom/hayden_ws/Hayden_ws_ros/install/social_robot_interfaces/include/social_robot_interfaces/social_robot_interfaces/srv/description.hpp
[4.335s] -- Symlinking: /home/tom/hayden_ws/Hayden_ws_ros/install/social_robot_interfaces/include/social_robot_interfaces/social_robot_interfaces/srv/detail/description__builder.hpp
[4.343s] -- Symlinking: /home/tom/hayden_ws/Hayden_ws_ros/install/social_robot_interfaces/include/social_robot_interfaces/social_robot_interfaces/srv/detail/description__struct.hpp
[4.351s] -- Symlinking: /home/tom/hayden_ws/Hayden_ws_ros/install/social_robot_interfaces/include/social_robot_interfaces/social_robot_interfaces/srv/detail/description__traits.hpp
[4.359s] -- Symlinking: /home/tom/hayden_ws/Hayden_ws_ros/install/social_robot_interfaces/include/social_robot_interfaces/social_robot_interfaces/srv/detail/description__type_support.hpp
[4.367s] -- Symlinking: /home/tom/hayden_ws/Hayden_ws_ros/install/social_robot_interfaces/include/social_robot_interfaces/social_robot_interfaces/srv/detail/tours__builder.hpp
[4.375s] -- Symlinking: /home/tom/hayden_ws/Hayden_ws_ros/install/social_robot_interfaces/include/social_robot_interfaces/social_robot_interfaces/srv/detail/tours__struct.hpp
[4.382s] -- Symlinking: /home/tom/hayden_ws/Hayden_ws_ros/install/social_robot_interfaces/include/social_robot_interfaces/social_robot_interfaces/srv/detail/tours__traits.hpp
[4.390s] -- Symlinking: /home/tom/hayden_ws/Hayden_ws_ros/install/social_robot_interfaces/include/social_robot_interfaces/social_robot_interfaces/srv/detail/tours__type_support.hpp
[4.397s] -- Symlinking: /home/tom/hayden_ws/Hayden_ws_ros/install/social_robot_interfaces/include/social_robot_interfaces/social_robot_interfaces/srv/tours.hpp
[4.405s] -- Symlinking: /home/tom/hayden_ws/Hayden_ws_ros/install/social_robot_interfaces/include/social_robot_interfaces/social_robot_interfaces/msg/detail/tsp_command__rosidl_typesupport_fastrtps_cpp.hpp
[4.413s] -- Symlinking: /home/tom/hayden_ws/Hayden_ws_ros/install/social_robot_interfaces/include/social_robot_interfaces/social_robot_interfaces/msg/rosidl_typesupport_fastrtps_cpp__visibility_control.h
[4.422s] -- Symlinking: /home/tom/hayden_ws/Hayden_ws_ros/install/social_robot_interfaces/include/social_robot_interfaces/social_robot_interfaces/srv/detail/description__rosidl_typesupport_fastrtps_cpp.hpp
[4.431s] -- Symlinking: /home/tom/hayden_ws/Hayden_ws_ros/install/social_robot_interfaces/include/social_robot_interfaces/social_robot_interfaces/srv/detail/tours__rosidl_typesupport_fastrtps_cpp.hpp
[4.440s] -- Symlinking: /home/tom/hayden_ws/Hayden_ws_ros/install/social_robot_interfaces/include/social_robot_interfaces/social_robot_interfaces/msg/detail/tsp_command__rosidl_typesupport_introspection_c.h
[4.448s] -- Symlinking: /home/tom/hayden_ws/Hayden_ws_ros/install/social_robot_interfaces/include/social_robot_interfaces/social_robot_interfaces/msg/rosidl_typesupport_introspection_c__visibility_control.h
[4.456s] -- Symlinking: /home/tom/hayden_ws/Hayden_ws_ros/install/social_robot_interfaces/include/social_robot_interfaces/social_robot_interfaces/srv/detail/description__rosidl_typesupport_introspection_c.h
[4.464s] -- Symlinking: /home/tom/hayden_ws/Hayden_ws_ros/install/social_robot_interfaces/include/social_robot_interfaces/social_robot_interfaces/srv/detail/tours__rosidl_typesupport_introspection_c.h
[4.472s] -- Symlinking: /home/tom/hayden_ws/Hayden_ws_ros/install/social_robot_interfaces/include/social_robot_interfaces/social_robot_interfaces/msg/detail/tsp_command__rosidl_typesupport_introspection_cpp.hpp
[4.480s] -- Symlinking: /home/tom/hayden_ws/Hayden_ws_ros/install/social_robot_interfaces/include/social_robot_interfaces/social_robot_interfaces/srv/detail/description__rosidl_typesupport_introspection_cpp.hpp
[4.487s] -- Symlinking: /home/tom/hayden_ws/Hayden_ws_ros/install/social_robot_interfaces/include/social_robot_interfaces/social_robot_interfaces/srv/detail/tours__rosidl_typesupport_introspection_cpp.hpp
[4.494s] -- Symlinking: /home/tom/hayden_ws/Hayden_ws_ros/install/social_robot_interfaces/share/social_robot_interfaces/environment/pythonpath.sh
[4.502s] -- Symlinking: /home/tom/hayden_ws/Hayden_ws_ros/install/social_robot_interfaces/share/social_robot_interfaces/environment/pythonpath.dsv
[4.510s] -- Symlinking: /home/tom/hayden_ws/Hayden_ws_ros/install/social_robot_interfaces/local/lib/python3.10/dist-packages/social_robot_interfaces-0.0.0-py3.10.egg-info/PKG-INFO
[4.519s] -- Symlinking: /home/tom/hayden_ws/Hayden_ws_ros/install/social_robot_interfaces/local/lib/python3.10/dist-packages/social_robot_interfaces-0.0.0-py3.10.egg-info/SOURCES.txt
[4.529s] -- Symlinking: /home/tom/hayden_ws/Hayden_ws_ros/install/social_robot_interfaces/local/lib/python3.10/dist-packages/social_robot_interfaces-0.0.0-py3.10.egg-info/dependency_links.txt
[4.537s] -- Symlinking: /home/tom/hayden_ws/Hayden_ws_ros/install/social_robot_interfaces/local/lib/python3.10/dist-packages/social_robot_interfaces-0.0.0-py3.10.egg-info/top_level.txt
[4.545s] -- Symlinking: /home/tom/hayden_ws/Hayden_ws_ros/install/social_robot_interfaces/local/lib/python3.10/dist-packages/social_robot_interfaces/__init__.py
[4.553s] -- Symlinking: /home/tom/hayden_ws/Hayden_ws_ros/install/social_robot_interfaces/local/lib/python3.10/dist-packages/social_robot_interfaces/_social_robot_interfaces_s.ep.rosidl_typesupport_c.c
[4.560s] -- Symlinking: /home/tom/hayden_ws/Hayden_ws_ros/install/social_robot_interfaces/local/lib/python3.10/dist-packages/social_robot_interfaces/_social_robot_interfaces_s.ep.rosidl_typesupport_fastrtps_c.c
[4.568s] -- Symlinking: /home/tom/hayden_ws/Hayden_ws_ros/install/social_robot_interfaces/local/lib/python3.10/dist-packages/social_robot_interfaces/_social_robot_interfaces_s.ep.rosidl_typesupport_introspection_c.c
[4.576s] -- Symlinking: /home/tom/hayden_ws/Hayden_ws_ros/install/social_robot_interfaces/local/lib/python3.10/dist-packages/social_robot_interfaces/libsocial_robot_interfaces__rosidl_generator_py.so
[4.584s] -- Symlinking: /home/tom/hayden_ws/Hayden_ws_ros/install/social_robot_interfaces/local/lib/python3.10/dist-packages/social_robot_interfaces/msg/__init__.py
[4.593s] -- Symlinking: /home/tom/hayden_ws/Hayden_ws_ros/install/social_robot_interfaces/local/lib/python3.10/dist-packages/social_robot_interfaces/msg/_tsp_command.py
[4.601s] -- Symlinking: /home/tom/hayden_ws/Hayden_ws_ros/install/social_robot_interfaces/local/lib/python3.10/dist-packages/social_robot_interfaces/msg/_tsp_command_s.c
[4.609s] -- Symlinking: /home/tom/hayden_ws/Hayden_ws_ros/install/social_robot_interfaces/local/lib/python3.10/dist-packages/social_robot_interfaces/social_robot_interfaces_s__rosidl_typesupport_c.cpython-310-x86_64-linux-gnu.so
[4.616s] -- Symlinking: /home/tom/hayden_ws/Hayden_ws_ros/install/social_robot_interfaces/local/lib/python3.10/dist-packages/social_robot_interfaces/social_robot_interfaces_s__rosidl_typesupport_fastrtps_c.cpython-310-x86_64-linux-gnu.so
[4.626s] -- Symlinking: /home/tom/hayden_ws/Hayden_ws_ros/install/social_robot_interfaces/local/lib/python3.10/dist-packages/social_robot_interfaces/social_robot_interfaces_s__rosidl_typesupport_introspection_c.cpython-310-x86_64-linux-gnu.so
[4.635s] -- Symlinking: /home/tom/hayden_ws/Hayden_ws_ros/install/social_robot_interfaces/local/lib/python3.10/dist-packages/social_robot_interfaces/srv/__init__.py
[4.643s] -- Symlinking: /home/tom/hayden_ws/Hayden_ws_ros/install/social_robot_interfaces/local/lib/python3.10/dist-packages/social_robot_interfaces/srv/_description.py
[4.651s] -- Symlinking: /home/tom/hayden_ws/Hayden_ws_ros/install/social_robot_interfaces/local/lib/python3.10/dist-packages/social_robot_interfaces/srv/_description_s.c
[4.659s] -- Symlinking: /home/tom/hayden_ws/Hayden_ws_ros/install/social_robot_interfaces/local/lib/python3.10/dist-packages/social_robot_interfaces/srv/_tours.py
[4.667s] -- Symlinking: /home/tom/hayden_ws/Hayden_ws_ros/install/social_robot_interfaces/local/lib/python3.10/dist-packages/social_robot_interfaces/srv/_tours_s.c
[4.674s] -- Up-to-date symlink: /home/tom/hayden_ws/Hayden_ws_ros/install/social_robot_interfaces/local/lib/python3.10/dist-packages/social_robot_interfaces/social_robot_interfaces_s__rosidl_typesupport_fastrtps_c.cpython-310-x86_64-linux-gnu.so
[4.675s] -- Up-to-date symlink: /home/tom/hayden_ws/Hayden_ws_ros/install/social_robot_interfaces/local/lib/python3.10/dist-packages/social_robot_interfaces/social_robot_interfaces_s__rosidl_typesupport_introspection_c.cpython-310-x86_64-linux-gnu.so
[4.675s] -- Up-to-date symlink: /home/tom/hayden_ws/Hayden_ws_ros/install/social_robot_interfaces/local/lib/python3.10/dist-packages/social_robot_interfaces/social_robot_interfaces_s__rosidl_typesupport_c.cpython-310-x86_64-linux-gnu.so
[4.675s] -- Symlinking: /home/tom/hayden_ws/Hayden_ws_ros/install/social_robot_interfaces/share/ament_index/resource_index/rust_packages/social_robot_interfaces
[4.684s] -- Symlinking: /home/tom/hayden_ws/Hayden_ws_ros/install/social_robot_interfaces/share/social_robot_interfaces/rust/Cargo.toml
[4.692s] -- Symlinking: /home/tom/hayden_ws/Hayden_ws_ros/install/social_robot_interfaces/share/social_robot_interfaces/rust/build.rs
[4.699s] -- Symlinking: /home/tom/hayden_ws/Hayden_ws_ros/install/social_robot_interfaces/share/social_robot_interfaces/rust/src/lib.rs
[4.707s] -- Symlinking: /home/tom/hayden_ws/Hayden_ws_ros/install/social_robot_interfaces/share/social_robot_interfaces/rust/src/msg.rs
[4.715s] -- Symlinking: /home/tom/hayden_ws/Hayden_ws_ros/install/social_robot_interfaces/share/social_robot_interfaces/rust/src/msg/rmw.rs
[4.724s] -- Symlinking: /home/tom/hayden_ws/Hayden_ws_ros/install/social_robot_interfaces/share/social_robot_interfaces/rust/src/srv.rs
[4.733s] -- Symlinking: /home/tom/hayden_ws/Hayden_ws_ros/install/social_robot_interfaces/share/social_robot_interfaces/rust/src/srv/rmw.rs
[4.742s] -- Symlinking: /home/tom/hayden_ws/Hayden_ws_ros/install/social_robot_interfaces/share/social_robot_interfaces/msg/TspCommand.idl
[4.750s] -- Symlinking: /home/tom/hayden_ws/Hayden_ws_ros/install/social_robot_interfaces/share/social_robot_interfaces/srv/Tours.idl
[4.758s] -- Symlinking: /home/tom/hayden_ws/Hayden_ws_ros/install/social_robot_interfaces/share/social_robot_interfaces/srv/Description.idl
[4.766s] -- Symlinking: /home/tom/hayden_ws/Hayden_ws_ros/install/social_robot_interfaces/share/social_robot_interfaces/msg/TspCommand.msg
[4.773s] -- Symlinking: /home/tom/hayden_ws/Hayden_ws_ros/install/social_robot_interfaces/share/social_robot_interfaces/srv/Tours.srv
[4.781s] -- Symlinking: /home/tom/hayden_ws/Hayden_ws_ros/install/social_robot_interfaces/share/social_robot_interfaces/srv/Tours_Request.msg
[4.789s] -- Symlinking: /home/tom/hayden_ws/Hayden_ws_ros/install/social_robot_interfaces/share/social_robot_interfaces/srv/Tours_Response.msg
[4.796s] -- Symlinking: /home/tom/hayden_ws/Hayden_ws_ros/install/social_robot_interfaces/share/social_robot_interfaces/srv/Description.srv
[4.804s] -- Symlinking: /home/tom/hayden_ws/Hayden_ws_ros/install/social_robot_interfaces/share/social_robot_interfaces/srv/Description_Request.msg
[4.812s] -- Symlinking: /home/tom/hayden_ws/Hayden_ws_ros/install/social_robot_interfaces/share/social_robot_interfaces/srv/Description_Response.msg
[4.821s] -- Symlinking: /home/tom/hayden_ws/Hayden_ws_ros/install/social_robot_interfaces/share/ament_index/resource_index/package_run_dependencies/social_robot_interfaces
[4.830s] -- Symlinking: /home/tom/hayden_ws/Hayden_ws_ros/install/social_robot_interfaces/share/ament_index/resource_index/parent_prefix_path/social_robot_interfaces
[4.838s] -- Symlinking: /home/tom/hayden_ws/Hayden_ws_ros/install/social_robot_interfaces/share/social_robot_interfaces/environment/ament_prefix_path.sh
[4.846s] -- Symlinking: /home/tom/hayden_ws/Hayden_ws_ros/install/social_robot_interfaces/share/social_robot_interfaces/environment/ament_prefix_path.dsv
[4.854s] -- Symlinking: /home/tom/hayden_ws/Hayden_ws_ros/install/social_robot_interfaces/share/social_robot_interfaces/environment/path.sh
[4.863s] -- Symlinking: /home/tom/hayden_ws/Hayden_ws_ros/install/social_robot_interfaces/share/social_robot_interfaces/environment/path.dsv
[4.871s] -- Symlinking: /home/tom/hayden_ws/Hayden_ws_ros/install/social_robot_interfaces/share/social_robot_interfaces/local_setup.bash
[4.878s] -- Symlinking: /home/tom/hayden_ws/Hayden_ws_ros/install/social_robot_interfaces/share/social_robot_interfaces/local_setup.sh
[4.886s] -- Symlinking: /home/tom/hayden_ws/Hayden_ws_ros/install/social_robot_interfaces/share/social_robot_interfaces/local_setup.zsh
[4.894s] -- Symlinking: /home/tom/hayden_ws/Hayden_ws_ros/install/social_robot_interfaces/share/social_robot_interfaces/local_setup.dsv
[4.902s] -- Symlinking: /home/tom/hayden_ws/Hayden_ws_ros/install/social_robot_interfaces/share/social_robot_interfaces/package.dsv
[4.910s] -- Symlinking: /home/tom/hayden_ws/Hayden_ws_ros/install/social_robot_interfaces/share/ament_index/resource_index/packages/social_robot_interfaces
[4.918s] -- Symlinking: /home/tom/hayden_ws/Hayden_ws_ros/install/social_robot_interfaces/share/social_robot_interfaces/cmake/rosidl_cmake-extras.cmake
[4.928s] -- Symlinking: /home/tom/hayden_ws/Hayden_ws_ros/install/social_robot_interfaces/share/social_robot_interfaces/cmake/ament_cmake_export_dependencies-extras.cmake
[4.937s] -- Symlinking: /home/tom/hayden_ws/Hayden_ws_ros/install/social_robot_interfaces/share/social_robot_interfaces/cmake/ament_cmake_export_include_directories-extras.cmake
[4.945s] -- Symlinking: /home/tom/hayden_ws/Hayden_ws_ros/install/social_robot_interfaces/share/social_robot_interfaces/cmake/ament_cmake_export_libraries-extras.cmake
[4.953s] -- Symlinking: /home/tom/hayden_ws/Hayden_ws_ros/install/social_robot_interfaces/share/social_robot_interfaces/cmake/ament_cmake_export_targets-extras.cmake
[4.960s] -- Symlinking: /home/tom/hayden_ws/Hayden_ws_ros/install/social_robot_interfaces/share/social_robot_interfaces/cmake/rosidl_cmake_export_typesupport_targets-extras.cmake
[4.968s] -- Symlinking: /home/tom/hayden_ws/Hayden_ws_ros/install/social_robot_interfaces/share/social_robot_interfaces/cmake/rosidl_cmake_export_typesupport_libraries-extras.cmake
[4.976s] -- Symlinking: /home/tom/hayden_ws/Hayden_ws_ros/install/social_robot_interfaces/share/social_robot_interfaces/cmake/social_robot_interfacesConfig.cmake
[4.983s] -- Symlinking: /home/tom/hayden_ws/Hayden_ws_ros/install/social_robot_interfaces/share/social_robot_interfaces/cmake/social_robot_interfacesConfig-version.cmake
[4.991s] -- Symlinking: /home/tom/hayden_ws/Hayden_ws_ros/install/social_robot_interfaces/share/social_robot_interfaces/package.xml
[4.999s] -- Installing: /home/tom/hayden_ws/Hayden_ws_ros/install/social_robot_interfaces/lib/libsocial_robot_interfaces__rosidl_generator_c.so
[5.000s] -- Set runtime path of "/home/tom/hayden_ws/Hayden_ws_ros/install/social_robot_interfaces/lib/libsocial_robot_interfaces__rosidl_generator_c.so" to ""
[5.000s] -- Installing: /home/tom/hayden_ws/Hayden_ws_ros/install/social_robot_interfaces/lib/libsocial_robot_interfaces__rosidl_typesupport_fastrtps_c.so
[5.000s] -- Set runtime path of "/home/tom/hayden_ws/Hayden_ws_ros/install/social_robot_interfaces/lib/libsocial_robot_interfaces__rosidl_typesupport_fastrtps_c.so" to ""
[5.000s] -- Installing: /home/tom/hayden_ws/Hayden_ws_ros/install/social_robot_interfaces/lib/libsocial_robot_interfaces__rosidl_typesupport_fastrtps_cpp.so
[5.001s] -- Set runtime path of "/home/tom/hayden_ws/Hayden_ws_ros/install/social_robot_interfaces/lib/libsocial_robot_interfaces__rosidl_typesupport_fastrtps_cpp.so" to ""
[5.001s] -- Installing: /home/tom/hayden_ws/Hayden_ws_ros/install/social_robot_interfaces/lib/libsocial_robot_interfaces__rosidl_typesupport_introspection_c.so
[5.001s] -- Set runtime path of "/home/tom/hayden_ws/Hayden_ws_ros/install/social_robot_interfaces/lib/libsocial_robot_interfaces__rosidl_typesupport_introspection_c.so" to ""
[5.001s] -- Installing: /home/tom/hayden_ws/Hayden_ws_ros/install/social_robot_interfaces/lib/libsocial_robot_interfaces__rosidl_typesupport_c.so
[5.001s] -- Set runtime path of "/home/tom/hayden_ws/Hayden_ws_ros/install/social_robot_interfaces/lib/libsocial_robot_interfaces__rosidl_typesupport_c.so" to ""
[5.001s] -- Installing: /home/tom/hayden_ws/Hayden_ws_ros/install/social_robot_interfaces/lib/libsocial_robot_interfaces__rosidl_typesupport_introspection_cpp.so
[5.002s] -- Set runtime path of "/home/tom/hayden_ws/Hayden_ws_ros/install/social_robot_interfaces/lib/libsocial_robot_interfaces__rosidl_typesupport_introspection_cpp.so" to ""
[5.002s] -- Installing: /home/tom/hayden_ws/Hayden_ws_ros/install/social_robot_interfaces/lib/libsocial_robot_interfaces__rosidl_typesupport_cpp.so
[5.002s] -- Set runtime path of "/home/tom/hayden_ws/Hayden_ws_ros/install/social_robot_interfaces/lib/libsocial_robot_interfaces__rosidl_typesupport_cpp.so" to ""
[5.040s] Listing '/home/tom/hayden_ws/Hayden_ws_ros/install/social_robot_interfaces/local/lib/python3.10/dist-packages/social_robot_interfaces'...
[5.040s] Compiling '/home/tom/hayden_ws/Hayden_ws_ros/install/social_robot_interfaces/local/lib/python3.10/dist-packages/social_robot_interfaces/__init__.py'...
[5.040s] Listing '/home/tom/hayden_ws/Hayden_ws_ros/install/social_robot_interfaces/local/lib/python3.10/dist-packages/social_robot_interfaces/msg'...
[5.040s] Compiling '/home/tom/hayden_ws/Hayden_ws_ros/install/social_robot_interfaces/local/lib/python3.10/dist-packages/social_robot_interfaces/msg/__init__.py'...
[5.040s] Compiling '/home/tom/hayden_ws/Hayden_ws_ros/install/social_robot_interfaces/local/lib/python3.10/dist-packages/social_robot_interfaces/msg/_tsp_command.py'...
[5.040s] Listing '/home/tom/hayden_ws/Hayden_ws_ros/install/social_robot_interfaces/local/lib/python3.10/dist-packages/social_robot_interfaces/srv'...
[5.040s] Compiling '/home/tom/hayden_ws/Hayden_ws_ros/install/social_robot_interfaces/local/lib/python3.10/dist-packages/social_robot_interfaces/srv/__init__.py'...
[5.040s] Compiling '/home/tom/hayden_ws/Hayden_ws_ros/install/social_robot_interfaces/local/lib/python3.10/dist-packages/social_robot_interfaces/srv/_description.py'...
[5.040s] Compiling '/home/tom/hayden_ws/Hayden_ws_ros/install/social_robot_interfaces/local/lib/python3.10/dist-packages/social_robot_interfaces/srv/_tours.py'...
[5.044s] -- Installing: /home/tom/hayden_ws/Hayden_ws_ros/install/social_robot_interfaces/lib/libsocial_robot_interfaces__rosidl_generator_py.so
[5.044s] -- Set runtime path of "/home/tom/hayden_ws/Hayden_ws_ros/install/social_robot_interfaces/lib/libsocial_robot_interfaces__rosidl_generator_py.so" to ""
[5.044s] -- Installing: /home/tom/hayden_ws/Hayden_ws_ros/install/social_robot_interfaces/share/social_robot_interfaces/cmake/export_social_robot_interfaces__rosidl_generator_cExport.cmake
[5.044s] -- Installing: /home/tom/hayden_ws/Hayden_ws_ros/install/social_robot_interfaces/share/social_robot_interfaces/cmake/export_social_robot_interfaces__rosidl_generator_cExport-noconfig.cmake
[5.044s] -- Installing: /home/tom/hayden_ws/Hayden_ws_ros/install/social_robot_interfaces/share/social_robot_interfaces/cmake/export_social_robot_interfaces__rosidl_typesupport_fastrtps_cExport.cmake
[5.045s] -- Installing: /home/tom/hayden_ws/Hayden_ws_ros/install/social_robot_interfaces/share/social_robot_interfaces/cmake/export_social_robot_interfaces__rosidl_typesupport_fastrtps_cExport-noconfig.cmake
[5.045s] -- Installing: /home/tom/hayden_ws/Hayden_ws_ros/install/social_robot_interfaces/share/social_robot_interfaces/cmake/export_social_robot_interfaces__rosidl_generator_cppExport.cmake
[5.045s] -- Installing: /home/tom/hayden_ws/Hayden_ws_ros/install/social_robot_interfaces/share/social_robot_interfaces/cmake/export_social_robot_interfaces__rosidl_typesupport_fastrtps_cppExport.cmake
[5.045s] -- Installing: /home/tom/hayden_ws/Hayden_ws_ros/install/social_robot_interfaces/share/social_robot_interfaces/cmake/export_social_robot_interfaces__rosidl_typesupport_fastrtps_cppExport-noconfig.cmake
[5.045s] -- Installing: /home/tom/hayden_ws/Hayden_ws_ros/install/social_robot_interfaces/share/social_robot_interfaces/cmake/social_robot_interfaces__rosidl_typesupport_introspection_cExport.cmake
[5.045s] -- Installing: /home/tom/hayden_ws/Hayden_ws_ros/install/social_robot_interfaces/share/social_robot_interfaces/cmake/social_robot_interfaces__rosidl_typesupport_introspection_cExport-noconfig.cmake
[5.046s] -- Installing: /home/tom/hayden_ws/Hayden_ws_ros/install/social_robot_interfaces/share/social_robot_interfaces/cmake/social_robot_interfaces__rosidl_typesupport_cExport.cmake
[5.046s] -- Installing: /home/tom/hayden_ws/Hayden_ws_ros/install/social_robot_interfaces/share/social_robot_interfaces/cmake/social_robot_interfaces__rosidl_typesupport_cExport-noconfig.cmake
[5.046s] -- Installing: /home/tom/hayden_ws/Hayden_ws_ros/install/social_robot_interfaces/share/social_robot_interfaces/cmake/social_robot_interfaces__rosidl_typesupport_introspection_cppExport.cmake
[5.046s] -- Installing: /home/tom/hayden_ws/Hayden_ws_ros/install/social_robot_interfaces/share/social_robot_interfaces/cmake/social_robot_interfaces__rosidl_typesupport_introspection_cppExport-noconfig.cmake
[5.046s] -- Installing: /home/tom/hayden_ws/Hayden_ws_ros/install/social_robot_interfaces/share/social_robot_interfaces/cmake/social_robot_interfaces__rosidl_typesupport_cppExport.cmake
[5.046s] -- Installing: /home/tom/hayden_ws/Hayden_ws_ros/install/social_robot_interfaces/share/social_robot_interfaces/cmake/social_robot_interfaces__rosidl_typesupport_cppExport-noconfig.cmake
[5.047s] -- Installing: /home/tom/hayden_ws/Hayden_ws_ros/install/social_robot_interfaces/share/social_robot_interfaces/cmake/export_social_robot_interfaces__rosidl_generator_pyExport.cmake
[5.047s] -- Installing: /home/tom/hayden_ws/Hayden_ws_ros/install/social_robot_interfaces/share/social_robot_interfaces/cmake/export_social_robot_interfaces__rosidl_generator_pyExport-noconfig.cmake
[5.049s] Invoked command in '/home/tom/hayden_ws/Hayden_ws_ros/build/social_robot_interfaces' returned '0': CMAKE_PREFIX_PATH=/opt/ros/humble /usr/bin/cmake --install /home/tom/hayden_ws/Hayden_ws_ros/build/social_robot_interfaces
