[0.125s] DEBUG:colcon:Command line arguments: ['/usr/bin/colcon', 'build', '--symlink-install']
[0.126s] DEBUG:colcon:Parsed command line arguments: Namespace(log_base=None, log_level=None, verb_name='build', build_base='build', install_base='install', merge_install=False, symlink_install=True, test_result_base=None, continue_on_error=False, executor='parallel', parallel_workers=12, event_handlers=None, ignore_user_meta=False, metas=['./colcon.meta'], base_paths=['.'], packages_ignore=None, packages_ignore_regex=None, paths=None, packages_up_to=None, packages_up_to_regex=None, packages_above=None, packages_above_and_dependencies=None, packages_above_depth=None, packages_select_by_dep=None, packages_skip_by_dep=None, packages_skip_up_to=None, packages_select_build_failed=False, packages_skip_build_finished=False, packages_select_test_failures=False, packages_skip_test_passed=False, packages_select=None, packages_skip=None, packages_select_regex=None, packages_skip_regex=None, packages_start=None, packages_end=None, allow_overriding=[], cmake_args=None, cmake_target=None, cmake_target_skip_unavailable=False, cmake_clean_cache=False, cmake_clean_first=False, cmake_force_configure=False, ament_cmake_args=None, catkin_cmake_args=None, catkin_skip_building_tests=False, mixin_files=None, mixin=None, verb_parser=<colcon_mixin.mixin.mixin_argument.MixinArgumentDecorator object at 0x7eacbd95a6e0>, verb_extension=<colcon_core.verb.build.BuildVerb object at 0x7eacbd95a170>, main=<bound method BuildVerb.main of <colcon_core.verb.build.BuildVerb object at 0x7eacbd95a170>>, mixin_verb=('build',))
[0.447s] Level 1:colcon.colcon_core.package_discovery:discover_packages(colcon_meta) check parameters
[0.447s] Level 1:colcon.colcon_core.package_discovery:discover_packages(recursive) check parameters
[0.447s] Level 1:colcon.colcon_core.package_discovery:discover_packages(ignore) check parameters
[0.447s] Level 1:colcon.colcon_core.package_discovery:discover_packages(path) check parameters
[0.447s] Level 1:colcon.colcon_core.package_discovery:discover_packages(colcon_meta) discover
[0.447s] Level 1:colcon.colcon_core.package_discovery:discover_packages(recursive) discover
[0.447s] INFO:colcon.colcon_core.package_discovery:Crawling recursively for packages in '/home/tom/hayden_ws/Hayden_ws_ros'
[0.447s] Level 1:colcon.colcon_core.package_identification:_identify(.) by extensions ['ignore', 'ignore_ament_install']
[0.447s] Level 1:colcon.colcon_core.package_identification:_identify(.) by extension 'ignore'
[0.448s] Level 1:colcon.colcon_core.package_identification:_identify(.) by extension 'ignore_ament_install'
[0.448s] Level 1:colcon.colcon_core.package_identification:_identify(.) by extensions ['colcon_pkg']
[0.448s] Level 1:colcon.colcon_core.package_identification:_identify(.) by extension 'colcon_pkg'
[0.448s] Level 1:colcon.colcon_core.package_identification:_identify(.) by extensions ['colcon_meta']
[0.448s] Level 1:colcon.colcon_core.package_identification:_identify(.) by extension 'colcon_meta'
[0.448s] Level 1:colcon.colcon_core.package_identification:_identify(.) by extensions ['ros']
[0.448s] Level 1:colcon.colcon_core.package_identification:_identify(.) by extension 'ros'
[0.459s] Level 1:colcon.colcon_core.package_identification:_identify(.) by extensions ['cmake', 'python']
[0.460s] Level 1:colcon.colcon_core.package_identification:_identify(.) by extension 'cmake'
[0.460s] Level 1:colcon.colcon_core.package_identification:_identify(.) by extension 'python'
[0.460s] Level 1:colcon.colcon_core.package_identification:_identify(.) by extensions ['python_setup_py']
[0.460s] Level 1:colcon.colcon_core.package_identification:_identify(.) by extension 'python_setup_py'
[0.460s] Level 1:colcon.colcon_core.package_identification:_identify(build) by extensions ['ignore', 'ignore_ament_install']
[0.460s] Level 1:colcon.colcon_core.package_identification:_identify(build) by extension 'ignore'
[0.460s] Level 1:colcon.colcon_core.package_identification:_identify(build) ignored
[0.460s] Level 1:colcon.colcon_core.package_identification:_identify(install) by extensions ['ignore', 'ignore_ament_install']
[0.460s] Level 1:colcon.colcon_core.package_identification:_identify(install) by extension 'ignore'
[0.460s] Level 1:colcon.colcon_core.package_identification:_identify(install) ignored
[0.460s] Level 1:colcon.colcon_core.package_identification:_identify(log) by extensions ['ignore', 'ignore_ament_install']
[0.460s] Level 1:colcon.colcon_core.package_identification:_identify(log) by extension 'ignore'
[0.460s] Level 1:colcon.colcon_core.package_identification:_identify(log) ignored
[0.460s] Level 1:colcon.colcon_core.package_identification:_identify(src) by extensions ['ignore', 'ignore_ament_install']
[0.460s] Level 1:colcon.colcon_core.package_identification:_identify(src) by extension 'ignore'
[0.460s] Level 1:colcon.colcon_core.package_identification:_identify(src) by extension 'ignore_ament_install'
[0.461s] Level 1:colcon.colcon_core.package_identification:_identify(src) by extensions ['colcon_pkg']
[0.461s] Level 1:colcon.colcon_core.package_identification:_identify(src) by extension 'colcon_pkg'
[0.461s] Level 1:colcon.colcon_core.package_identification:_identify(src) by extensions ['colcon_meta']
[0.461s] Level 1:colcon.colcon_core.package_identification:_identify(src) by extension 'colcon_meta'
[0.461s] Level 1:colcon.colcon_core.package_identification:_identify(src) by extensions ['ros']
[0.461s] Level 1:colcon.colcon_core.package_identification:_identify(src) by extension 'ros'
[0.461s] Level 1:colcon.colcon_core.package_identification:_identify(src) by extensions ['cmake', 'python']
[0.461s] Level 1:colcon.colcon_core.package_identification:_identify(src) by extension 'cmake'
[0.461s] Level 1:colcon.colcon_core.package_identification:_identify(src) by extension 'python'
[0.461s] Level 1:colcon.colcon_core.package_identification:_identify(src) by extensions ['python_setup_py']
[0.461s] Level 1:colcon.colcon_core.package_identification:_identify(src) by extension 'python_setup_py'
[0.461s] Level 1:colcon.colcon_core.package_identification:_identify(src/Pepper_HRI) by extensions ['ignore', 'ignore_ament_install']
[0.461s] Level 1:colcon.colcon_core.package_identification:_identify(src/Pepper_HRI) by extension 'ignore'
[0.461s] Level 1:colcon.colcon_core.package_identification:_identify(src/Pepper_HRI) by extension 'ignore_ament_install'
[0.462s] Level 1:colcon.colcon_core.package_identification:_identify(src/Pepper_HRI) by extensions ['colcon_pkg']
[0.462s] Level 1:colcon.colcon_core.package_identification:_identify(src/Pepper_HRI) by extension 'colcon_pkg'
[0.462s] Level 1:colcon.colcon_core.package_identification:_identify(src/Pepper_HRI) by extensions ['colcon_meta']
[0.462s] Level 1:colcon.colcon_core.package_identification:_identify(src/Pepper_HRI) by extension 'colcon_meta'
[0.462s] Level 1:colcon.colcon_core.package_identification:_identify(src/Pepper_HRI) by extensions ['ros']
[0.462s] Level 1:colcon.colcon_core.package_identification:_identify(src/Pepper_HRI) by extension 'ros'
[0.465s] DEBUG:colcon.colcon_core.package_identification:Package 'src/Pepper_HRI' with type 'ros.ament_python' and name 'pepper_hri'
[0.465s] Level 1:colcon.colcon_core.package_identification:_identify(src/social_robot_interfaces) by extensions ['ignore', 'ignore_ament_install']
[0.465s] Level 1:colcon.colcon_core.package_identification:_identify(src/social_robot_interfaces) by extension 'ignore'
[0.465s] Level 1:colcon.colcon_core.package_identification:_identify(src/social_robot_interfaces) by extension 'ignore_ament_install'
[0.465s] Level 1:colcon.colcon_core.package_identification:_identify(src/social_robot_interfaces) by extensions ['colcon_pkg']
[0.465s] Level 1:colcon.colcon_core.package_identification:_identify(src/social_robot_interfaces) by extension 'colcon_pkg'
[0.465s] Level 1:colcon.colcon_core.package_identification:_identify(src/social_robot_interfaces) by extensions ['colcon_meta']
[0.465s] Level 1:colcon.colcon_core.package_identification:_identify(src/social_robot_interfaces) by extension 'colcon_meta'
[0.465s] Level 1:colcon.colcon_core.package_identification:_identify(src/social_robot_interfaces) by extensions ['ros']
[0.465s] Level 1:colcon.colcon_core.package_identification:_identify(src/social_robot_interfaces) by extension 'ros'
[0.467s] DEBUG:colcon.colcon_core.package_identification:Package 'src/social_robot_interfaces' with type 'ros.ament_cmake' and name 'social_robot_interfaces'
[0.467s] Level 1:colcon.colcon_core.package_discovery:discover_packages(recursive) using defaults
[0.467s] Level 1:colcon.colcon_core.package_discovery:discover_packages(ignore) discover
[0.467s] Level 1:colcon.colcon_core.package_discovery:discover_packages(ignore) using defaults
[0.467s] Level 1:colcon.colcon_core.package_discovery:discover_packages(path) discover
[0.467s] Level 1:colcon.colcon_core.package_discovery:discover_packages(path) using defaults
[0.500s] Level 1:colcon.colcon_core.package_discovery:discover_packages(prefix_path) check parameters
[0.500s] Level 1:colcon.colcon_core.package_discovery:discover_packages(prefix_path) discover
[0.504s] DEBUG:colcon.colcon_installed_package_information.package_discovery:Found 383 installed packages in /opt/ros/humble
[0.506s] Level 1:colcon.colcon_core.package_discovery:discover_packages(prefix_path) using defaults
[0.542s] Level 5:colcon.colcon_core.verb:set package 'social_robot_interfaces' build argument 'cmake_args' from command line to 'None'
[0.542s] Level 5:colcon.colcon_core.verb:set package 'social_robot_interfaces' build argument 'cmake_target' from command line to 'None'
[0.542s] Level 5:colcon.colcon_core.verb:set package 'social_robot_interfaces' build argument 'cmake_target_skip_unavailable' from command line to 'False'
[0.543s] Level 5:colcon.colcon_core.verb:set package 'social_robot_interfaces' build argument 'cmake_clean_cache' from command line to 'False'
[0.543s] Level 5:colcon.colcon_core.verb:set package 'social_robot_interfaces' build argument 'cmake_clean_first' from command line to 'False'
[0.543s] Level 5:colcon.colcon_core.verb:set package 'social_robot_interfaces' build argument 'cmake_force_configure' from command line to 'False'
[0.543s] Level 5:colcon.colcon_core.verb:set package 'social_robot_interfaces' build argument 'ament_cmake_args' from command line to 'None'
[0.543s] Level 5:colcon.colcon_core.verb:set package 'social_robot_interfaces' build argument 'catkin_cmake_args' from command line to 'None'
[0.543s] Level 5:colcon.colcon_core.verb:set package 'social_robot_interfaces' build argument 'catkin_skip_building_tests' from command line to 'False'
[0.543s] DEBUG:colcon.colcon_core.verb:Building package 'social_robot_interfaces' with the following arguments: {'ament_cmake_args': None, 'build_base': '/home/tom/hayden_ws/Hayden_ws_ros/build/social_robot_interfaces', 'catkin_cmake_args': None, 'catkin_skip_building_tests': False, 'cmake_args': None, 'cmake_clean_cache': False, 'cmake_clean_first': False, 'cmake_force_configure': False, 'cmake_target': None, 'cmake_target_skip_unavailable': False, 'install_base': '/home/tom/hayden_ws/Hayden_ws_ros/install/social_robot_interfaces', 'merge_install': False, 'path': '/home/tom/hayden_ws/Hayden_ws_ros/src/social_robot_interfaces', 'symlink_install': True, 'test_result_base': None}
[0.543s] Level 5:colcon.colcon_core.verb:set package 'pepper_hri' build argument 'cmake_args' from command line to 'None'
[0.543s] Level 5:colcon.colcon_core.verb:set package 'pepper_hri' build argument 'cmake_target' from command line to 'None'
[0.543s] Level 5:colcon.colcon_core.verb:set package 'pepper_hri' build argument 'cmake_target_skip_unavailable' from command line to 'False'
[0.543s] Level 5:colcon.colcon_core.verb:set package 'pepper_hri' build argument 'cmake_clean_cache' from command line to 'False'
[0.543s] Level 5:colcon.colcon_core.verb:set package 'pepper_hri' build argument 'cmake_clean_first' from command line to 'False'
[0.543s] Level 5:colcon.colcon_core.verb:set package 'pepper_hri' build argument 'cmake_force_configure' from command line to 'False'
[0.543s] Level 5:colcon.colcon_core.verb:set package 'pepper_hri' build argument 'ament_cmake_args' from command line to 'None'
[0.543s] Level 5:colcon.colcon_core.verb:set package 'pepper_hri' build argument 'catkin_cmake_args' from command line to 'None'
[0.543s] Level 5:colcon.colcon_core.verb:set package 'pepper_hri' build argument 'catkin_skip_building_tests' from command line to 'False'
[0.543s] DEBUG:colcon.colcon_core.verb:Building package 'pepper_hri' with the following arguments: {'ament_cmake_args': None, 'build_base': '/home/tom/hayden_ws/Hayden_ws_ros/build/pepper_hri', 'catkin_cmake_args': None, 'catkin_skip_building_tests': False, 'cmake_args': None, 'cmake_clean_cache': False, 'cmake_clean_first': False, 'cmake_force_configure': False, 'cmake_target': None, 'cmake_target_skip_unavailable': False, 'install_base': '/home/tom/hayden_ws/Hayden_ws_ros/install/pepper_hri', 'merge_install': False, 'path': '/home/tom/hayden_ws/Hayden_ws_ros/src/Pepper_HRI', 'symlink_install': True, 'test_result_base': None}
[0.543s] INFO:colcon.colcon_core.executor:Executing jobs using 'parallel' executor
[0.544s] DEBUG:colcon.colcon_parallel_executor.executor.parallel:run_until_complete
[0.544s] INFO:colcon.colcon_ros.task.ament_cmake.build:Building ROS package in '/home/tom/hayden_ws/Hayden_ws_ros/src/social_robot_interfaces' with build type 'ament_cmake'
[0.544s] INFO:colcon.colcon_cmake.task.cmake.build:Building CMake package in '/home/tom/hayden_ws/Hayden_ws_ros/src/social_robot_interfaces'
[0.548s] INFO:colcon.colcon_core.plugin_system:Skipping extension 'colcon_core.shell.bat': Not used on non-Windows systems
[0.549s] INFO:colcon.colcon_core.shell:Skip shell extension 'powershell' for command environment: Not usable outside of PowerShell
[0.549s] DEBUG:colcon.colcon_core.shell:Skip shell extension 'dsv' for command environment
[0.556s] DEBUG:colcon.colcon_core.event_handler.log_command:Invoking command in '/home/tom/hayden_ws/Hayden_ws_ros/build/social_robot_interfaces': CMAKE_PREFIX_PATH=/opt/ros/humble /usr/bin/cmake /home/tom/hayden_ws/Hayden_ws_ros/src/social_robot_interfaces -DAMENT_CMAKE_SYMLINK_INSTALL=1 -DCMAKE_INSTALL_PREFIX=/home/tom/hayden_ws/Hayden_ws_ros/install/social_robot_interfaces
[2.269s] DEBUG:colcon.colcon_core.event_handler.log_command:Invoked command in '/home/tom/hayden_ws/Hayden_ws_ros/build/social_robot_interfaces' returned '0': CMAKE_PREFIX_PATH=/opt/ros/humble /usr/bin/cmake /home/tom/hayden_ws/Hayden_ws_ros/src/social_robot_interfaces -DAMENT_CMAKE_SYMLINK_INSTALL=1 -DCMAKE_INSTALL_PREFIX=/home/tom/hayden_ws/Hayden_ws_ros/install/social_robot_interfaces
[2.271s] DEBUG:colcon.colcon_core.event_handler.log_command:Invoking command in '/home/tom/hayden_ws/Hayden_ws_ros/build/social_robot_interfaces': CMAKE_PREFIX_PATH=/opt/ros/humble /usr/bin/cmake --build /home/tom/hayden_ws/Hayden_ws_ros/build/social_robot_interfaces -- -j12 -l12
[4.643s] DEBUG:colcon.colcon_core.event_handler.log_command:Invoked command in '/home/tom/hayden_ws/Hayden_ws_ros/build/social_robot_interfaces' returned '0': CMAKE_PREFIX_PATH=/opt/ros/humble /usr/bin/cmake --build /home/tom/hayden_ws/Hayden_ws_ros/build/social_robot_interfaces -- -j12 -l12
[4.652s] DEBUG:colcon.colcon_core.event_handler.log_command:Invoking command in '/home/tom/hayden_ws/Hayden_ws_ros/build/social_robot_interfaces': CMAKE_PREFIX_PATH=/opt/ros/humble /usr/bin/cmake --install /home/tom/hayden_ws/Hayden_ws_ros/build/social_robot_interfaces
[5.594s] Level 1:colcon.colcon_core.environment:create_environment_scripts_only(social_robot_interfaces)
[5.594s] DEBUG:colcon.colcon_core.event_handler.log_command:Invoked command in '/home/tom/hayden_ws/Hayden_ws_ros/build/social_robot_interfaces' returned '0': CMAKE_PREFIX_PATH=/opt/ros/humble /usr/bin/cmake --install /home/tom/hayden_ws/Hayden_ws_ros/build/social_robot_interfaces
[5.599s] Level 1:colcon.colcon_core.environment:checking '/home/tom/hayden_ws/Hayden_ws_ros/install/social_robot_interfaces' for CMake module files
[5.599s] Level 1:colcon.colcon_core.environment:checking '/home/tom/hayden_ws/Hayden_ws_ros/install/social_robot_interfaces' for CMake config files
[5.600s] Level 1:colcon.colcon_core.shell:create_environment_hook('social_robot_interfaces', 'cmake_prefix_path')
[5.600s] INFO:colcon.colcon_core.shell:Creating environment hook '/home/tom/hayden_ws/Hayden_ws_ros/install/social_robot_interfaces/share/social_robot_interfaces/hook/cmake_prefix_path.ps1'
[5.601s] INFO:colcon.colcon_core.shell:Creating environment descriptor '/home/tom/hayden_ws/Hayden_ws_ros/install/social_robot_interfaces/share/social_robot_interfaces/hook/cmake_prefix_path.dsv'
[5.601s] INFO:colcon.colcon_core.shell:Creating environment hook '/home/tom/hayden_ws/Hayden_ws_ros/install/social_robot_interfaces/share/social_robot_interfaces/hook/cmake_prefix_path.sh'
[5.602s] Level 1:colcon.colcon_core.environment:checking '/home/tom/hayden_ws/Hayden_ws_ros/install/social_robot_interfaces/lib'
[5.602s] Level 1:colcon.colcon_core.shell:create_environment_hook('social_robot_interfaces', 'ld_library_path_lib')
[5.602s] INFO:colcon.colcon_core.shell:Creating environment hook '/home/tom/hayden_ws/Hayden_ws_ros/install/social_robot_interfaces/share/social_robot_interfaces/hook/ld_library_path_lib.ps1'
[5.603s] INFO:colcon.colcon_core.shell:Creating environment descriptor '/home/tom/hayden_ws/Hayden_ws_ros/install/social_robot_interfaces/share/social_robot_interfaces/hook/ld_library_path_lib.dsv'
[5.603s] INFO:colcon.colcon_core.shell:Creating environment hook '/home/tom/hayden_ws/Hayden_ws_ros/install/social_robot_interfaces/share/social_robot_interfaces/hook/ld_library_path_lib.sh'
[5.603s] Level 1:colcon.colcon_core.environment:checking '/home/tom/hayden_ws/Hayden_ws_ros/install/social_robot_interfaces/bin'
[5.603s] Level 1:colcon.colcon_core.environment:checking '/home/tom/hayden_ws/Hayden_ws_ros/install/social_robot_interfaces/lib/pkgconfig/social_robot_interfaces.pc'
[5.603s] Level 1:colcon.colcon_core.environment:checking '/home/tom/hayden_ws/Hayden_ws_ros/install/social_robot_interfaces/lib/python3.10/site-packages'
[5.604s] Level 1:colcon.colcon_core.environment:checking '/home/tom/hayden_ws/Hayden_ws_ros/install/social_robot_interfaces/bin'
[5.604s] INFO:colcon.colcon_core.shell:Creating package script '/home/tom/hayden_ws/Hayden_ws_ros/install/social_robot_interfaces/share/social_robot_interfaces/package.ps1'
[5.605s] INFO:colcon.colcon_core.shell:Creating package descriptor '/home/tom/hayden_ws/Hayden_ws_ros/install/social_robot_interfaces/share/social_robot_interfaces/package.dsv'
[5.605s] INFO:colcon.colcon_core.shell:Creating package script '/home/tom/hayden_ws/Hayden_ws_ros/install/social_robot_interfaces/share/social_robot_interfaces/package.sh'
[5.606s] INFO:colcon.colcon_core.shell:Creating package script '/home/tom/hayden_ws/Hayden_ws_ros/install/social_robot_interfaces/share/social_robot_interfaces/package.bash'
[5.607s] INFO:colcon.colcon_core.shell:Creating package script '/home/tom/hayden_ws/Hayden_ws_ros/install/social_robot_interfaces/share/social_robot_interfaces/package.zsh'
[5.607s] Level 1:colcon.colcon_core.environment:create_file_with_runtime_dependencies(/home/tom/hayden_ws/Hayden_ws_ros/install/social_robot_interfaces/share/colcon-core/packages/social_robot_interfaces)
[5.608s] Level 1:colcon.colcon_core.environment:create_environment_scripts_only(social_robot_interfaces)
[5.608s] Level 1:colcon.colcon_core.environment:checking '/home/tom/hayden_ws/Hayden_ws_ros/install/social_robot_interfaces' for CMake module files
[5.609s] Level 1:colcon.colcon_core.environment:checking '/home/tom/hayden_ws/Hayden_ws_ros/install/social_robot_interfaces' for CMake config files
[5.609s] Level 1:colcon.colcon_core.shell:create_environment_hook('social_robot_interfaces', 'cmake_prefix_path')
[5.609s] INFO:colcon.colcon_core.shell:Creating environment hook '/home/tom/hayden_ws/Hayden_ws_ros/install/social_robot_interfaces/share/social_robot_interfaces/hook/cmake_prefix_path.ps1'
[5.610s] INFO:colcon.colcon_core.shell:Creating environment descriptor '/home/tom/hayden_ws/Hayden_ws_ros/install/social_robot_interfaces/share/social_robot_interfaces/hook/cmake_prefix_path.dsv'
[5.610s] INFO:colcon.colcon_core.shell:Creating environment hook '/home/tom/hayden_ws/Hayden_ws_ros/install/social_robot_interfaces/share/social_robot_interfaces/hook/cmake_prefix_path.sh'
[5.610s] Level 1:colcon.colcon_core.environment:checking '/home/tom/hayden_ws/Hayden_ws_ros/install/social_robot_interfaces/lib'
[5.610s] Level 1:colcon.colcon_core.shell:create_environment_hook('social_robot_interfaces', 'ld_library_path_lib')
[5.610s] INFO:colcon.colcon_core.shell:Creating environment hook '/home/tom/hayden_ws/Hayden_ws_ros/install/social_robot_interfaces/share/social_robot_interfaces/hook/ld_library_path_lib.ps1'
[5.611s] INFO:colcon.colcon_core.shell:Creating environment descriptor '/home/tom/hayden_ws/Hayden_ws_ros/install/social_robot_interfaces/share/social_robot_interfaces/hook/ld_library_path_lib.dsv'
[5.611s] INFO:colcon.colcon_core.shell:Creating environment hook '/home/tom/hayden_ws/Hayden_ws_ros/install/social_robot_interfaces/share/social_robot_interfaces/hook/ld_library_path_lib.sh'
[5.611s] Level 1:colcon.colcon_core.environment:checking '/home/tom/hayden_ws/Hayden_ws_ros/install/social_robot_interfaces/bin'
[5.611s] Level 1:colcon.colcon_core.environment:checking '/home/tom/hayden_ws/Hayden_ws_ros/install/social_robot_interfaces/lib/pkgconfig/social_robot_interfaces.pc'
[5.612s] Level 1:colcon.colcon_core.environment:checking '/home/tom/hayden_ws/Hayden_ws_ros/install/social_robot_interfaces/lib/python3.10/site-packages'
[5.612s] Level 1:colcon.colcon_core.environment:checking '/home/tom/hayden_ws/Hayden_ws_ros/install/social_robot_interfaces/bin'
[5.612s] INFO:colcon.colcon_core.shell:Creating package script '/home/tom/hayden_ws/Hayden_ws_ros/install/social_robot_interfaces/share/social_robot_interfaces/package.ps1'
[5.612s] INFO:colcon.colcon_core.shell:Creating package descriptor '/home/tom/hayden_ws/Hayden_ws_ros/install/social_robot_interfaces/share/social_robot_interfaces/package.dsv'
[5.613s] INFO:colcon.colcon_core.shell:Creating package script '/home/tom/hayden_ws/Hayden_ws_ros/install/social_robot_interfaces/share/social_robot_interfaces/package.sh'
[5.613s] INFO:colcon.colcon_core.shell:Creating package script '/home/tom/hayden_ws/Hayden_ws_ros/install/social_robot_interfaces/share/social_robot_interfaces/package.bash'
[5.613s] INFO:colcon.colcon_core.shell:Creating package script '/home/tom/hayden_ws/Hayden_ws_ros/install/social_robot_interfaces/share/social_robot_interfaces/package.zsh'
[5.614s] Level 1:colcon.colcon_core.environment:create_file_with_runtime_dependencies(/home/tom/hayden_ws/Hayden_ws_ros/install/social_robot_interfaces/share/colcon-core/packages/social_robot_interfaces)
[5.614s] INFO:colcon.colcon_ros.task.ament_python.build:Building ROS package in '/home/tom/hayden_ws/Hayden_ws_ros/src/Pepper_HRI' with build type 'ament_python'
[5.614s] Level 1:colcon.colcon_core.shell:create_environment_hook('pepper_hri', 'ament_prefix_path')
[5.614s] INFO:colcon.colcon_core.shell:Creating environment hook '/home/tom/hayden_ws/Hayden_ws_ros/install/pepper_hri/share/pepper_hri/hook/ament_prefix_path.ps1'
[5.615s] INFO:colcon.colcon_core.shell:Creating environment descriptor '/home/tom/hayden_ws/Hayden_ws_ros/install/pepper_hri/share/pepper_hri/hook/ament_prefix_path.dsv'
[5.615s] INFO:colcon.colcon_core.shell:Creating environment hook '/home/tom/hayden_ws/Hayden_ws_ros/install/pepper_hri/share/pepper_hri/hook/ament_prefix_path.sh'
[5.616s] INFO:colcon.colcon_core.shell:Skip shell extension 'powershell' for command environment: Not usable outside of PowerShell
[5.616s] DEBUG:colcon.colcon_core.shell:Skip shell extension 'dsv' for command environment
[5.837s] INFO:colcon.colcon_core.task.python.build:Building Python package in '/home/tom/hayden_ws/Hayden_ws_ros/src/Pepper_HRI'
[5.837s] INFO:colcon.colcon_core.shell:Skip shell extension 'powershell' for command environment: Not usable outside of PowerShell
[5.837s] DEBUG:colcon.colcon_core.shell:Skip shell extension 'dsv' for command environment
[6.223s] DEBUG:colcon.colcon_core.event_handler.log_command:Invoking command in '/home/tom/hayden_ws/Hayden_ws_ros/build/pepper_hri': AMENT_PREFIX_PATH=/home/tom/hayden_ws/Hayden_ws_ros/install/social_robot_interfaces:${AMENT_PREFIX_PATH} CMAKE_PREFIX_PATH=/home/tom/hayden_ws/Hayden_ws_ros/install/social_robot_interfaces LD_LIBRARY_PATH=/home/tom/hayden_ws/Hayden_ws_ros/install/social_robot_interfaces/lib:/opt/ros/humble/opt/rviz_ogre_vendor/lib:/opt/ros/humble/lib/x86_64-linux-gnu:/opt/ros/humble/lib:/usr/lib/x86_64-linux-gnu/gazebo-11/plugins:/usr/lib/x86_64-linux-gnu/gazebo-11/plugins:/usr/lib/x86_64-linux-gnu/gazebo-11/plugins PYTHONPATH=/home/tom/hayden_ws/Hayden_ws_ros/build/pepper_hri/prefix_override:/usr/lib/python3/dist-packages/colcon_core/task/python/colcon_distutils_commands:/home/tom/hayden_ws/Hayden_ws_ros/install/pepper_hri/lib/python3.10/site-packages:/home/tom/hayden_ws/Hayden_ws_ros/install/social_robot_interfaces/local/lib/python3.10/dist-packages:${PYTHONPATH} /usr/bin/python3 -W ignore:setup.py install is deprecated -W ignore:easy_install command is deprecated setup.py develop --editable --build-directory /home/tom/hayden_ws/Hayden_ws_ros/build/pepper_hri/build --no-deps symlink_data
[6.623s] Level 1:colcon.colcon_core.shell:create_environment_hook('pepper_hri', 'pythonpath_develop')
[6.623s] INFO:colcon.colcon_core.shell:Creating environment hook '/home/tom/hayden_ws/Hayden_ws_ros/build/pepper_hri/share/pepper_hri/hook/pythonpath_develop.ps1'
[6.624s] DEBUG:colcon.colcon_core.event_handler.log_command:Invoked command in '/home/tom/hayden_ws/Hayden_ws_ros/build/pepper_hri' returned '0': AMENT_PREFIX_PATH=/home/tom/hayden_ws/Hayden_ws_ros/install/social_robot_interfaces:${AMENT_PREFIX_PATH} CMAKE_PREFIX_PATH=/home/tom/hayden_ws/Hayden_ws_ros/install/social_robot_interfaces LD_LIBRARY_PATH=/home/tom/hayden_ws/Hayden_ws_ros/install/social_robot_interfaces/lib:/opt/ros/humble/opt/rviz_ogre_vendor/lib:/opt/ros/humble/lib/x86_64-linux-gnu:/opt/ros/humble/lib:/usr/lib/x86_64-linux-gnu/gazebo-11/plugins:/usr/lib/x86_64-linux-gnu/gazebo-11/plugins:/usr/lib/x86_64-linux-gnu/gazebo-11/plugins PYTHONPATH=/home/tom/hayden_ws/Hayden_ws_ros/build/pepper_hri/prefix_override:/usr/lib/python3/dist-packages/colcon_core/task/python/colcon_distutils_commands:/home/tom/hayden_ws/Hayden_ws_ros/install/pepper_hri/lib/python3.10/site-packages:/home/tom/hayden_ws/Hayden_ws_ros/install/social_robot_interfaces/local/lib/python3.10/dist-packages:${PYTHONPATH} /usr/bin/python3 -W ignore:setup.py install is deprecated -W ignore:easy_install command is deprecated setup.py develop --editable --build-directory /home/tom/hayden_ws/Hayden_ws_ros/build/pepper_hri/build --no-deps symlink_data
[6.624s] INFO:colcon.colcon_core.shell:Creating environment descriptor '/home/tom/hayden_ws/Hayden_ws_ros/build/pepper_hri/share/pepper_hri/hook/pythonpath_develop.dsv'
[6.625s] INFO:colcon.colcon_core.shell:Creating environment hook '/home/tom/hayden_ws/Hayden_ws_ros/build/pepper_hri/share/pepper_hri/hook/pythonpath_develop.sh'
[6.625s] Level 1:colcon.colcon_core.environment:checking '/home/tom/hayden_ws/Hayden_ws_ros/install/pepper_hri' for CMake module files
[6.626s] Level 1:colcon.colcon_core.environment:checking '/home/tom/hayden_ws/Hayden_ws_ros/install/pepper_hri' for CMake config files
[6.626s] Level 1:colcon.colcon_core.environment:checking '/home/tom/hayden_ws/Hayden_ws_ros/install/pepper_hri/lib'
[6.627s] Level 1:colcon.colcon_core.environment:checking '/home/tom/hayden_ws/Hayden_ws_ros/install/pepper_hri/bin'
[6.627s] Level 1:colcon.colcon_core.environment:checking '/home/tom/hayden_ws/Hayden_ws_ros/install/pepper_hri/lib/pkgconfig/pepper_hri.pc'
[6.627s] Level 1:colcon.colcon_core.environment:checking '/home/tom/hayden_ws/Hayden_ws_ros/install/pepper_hri/lib/python3.10/site-packages'
[6.627s] Level 1:colcon.colcon_core.shell:create_environment_hook('pepper_hri', 'pythonpath')
[6.627s] INFO:colcon.colcon_core.shell:Creating environment hook '/home/tom/hayden_ws/Hayden_ws_ros/install/pepper_hri/share/pepper_hri/hook/pythonpath.ps1'
[6.628s] INFO:colcon.colcon_core.shell:Creating environment descriptor '/home/tom/hayden_ws/Hayden_ws_ros/install/pepper_hri/share/pepper_hri/hook/pythonpath.dsv'
[6.628s] INFO:colcon.colcon_core.shell:Creating environment hook '/home/tom/hayden_ws/Hayden_ws_ros/install/pepper_hri/share/pepper_hri/hook/pythonpath.sh'
[6.628s] Level 1:colcon.colcon_core.environment:checking '/home/tom/hayden_ws/Hayden_ws_ros/install/pepper_hri/bin'
[6.629s] Level 1:colcon.colcon_core.environment:create_environment_scripts_only(pepper_hri)
[6.629s] INFO:colcon.colcon_core.shell:Creating package script '/home/tom/hayden_ws/Hayden_ws_ros/install/pepper_hri/share/pepper_hri/package.ps1'
[6.629s] INFO:colcon.colcon_core.shell:Creating package descriptor '/home/tom/hayden_ws/Hayden_ws_ros/install/pepper_hri/share/pepper_hri/package.dsv'
[6.630s] INFO:colcon.colcon_core.shell:Creating package script '/home/tom/hayden_ws/Hayden_ws_ros/install/pepper_hri/share/pepper_hri/package.sh'
[6.630s] INFO:colcon.colcon_core.shell:Creating package script '/home/tom/hayden_ws/Hayden_ws_ros/install/pepper_hri/share/pepper_hri/package.bash'
[6.631s] INFO:colcon.colcon_core.shell:Creating package script '/home/tom/hayden_ws/Hayden_ws_ros/install/pepper_hri/share/pepper_hri/package.zsh'
[6.631s] Level 1:colcon.colcon_core.environment:create_file_with_runtime_dependencies(/home/tom/hayden_ws/Hayden_ws_ros/install/pepper_hri/share/colcon-core/packages/pepper_hri)
[6.631s] DEBUG:colcon.colcon_parallel_executor.executor.parallel:closing loop
[6.632s] DEBUG:colcon.colcon_parallel_executor.executor.parallel:loop closed
[6.632s] DEBUG:colcon.colcon_parallel_executor.executor.parallel:run_until_complete finished with '0'
[6.632s] DEBUG:colcon.colcon_core.event_reactor:joining thread
[6.639s] INFO:colcon.colcon_core.plugin_system:Skipping extension 'colcon_notification.desktop_notification.terminal_notifier': Not used on non-Darwin systems
[6.640s] INFO:colcon.colcon_core.plugin_system:Skipping extension 'colcon_notification.desktop_notification.win32': Not used on non-Windows systems
[6.640s] INFO:colcon.colcon_notification.desktop_notification:Sending desktop notification using 'notify2'
[6.654s] DEBUG:colcon.colcon_core.event_reactor:joined thread
[6.655s] INFO:colcon.colcon_core.shell:Creating prefix script '/home/tom/hayden_ws/Hayden_ws_ros/install/local_setup.ps1'
[6.656s] INFO:colcon.colcon_core.shell:Creating prefix util module '/home/tom/hayden_ws/Hayden_ws_ros/install/_local_setup_util_ps1.py'
[6.658s] INFO:colcon.colcon_core.shell:Creating prefix chain script '/home/tom/hayden_ws/Hayden_ws_ros/install/setup.ps1'
[6.659s] INFO:colcon.colcon_core.shell:Creating prefix script '/home/tom/hayden_ws/Hayden_ws_ros/install/local_setup.sh'
[6.660s] INFO:colcon.colcon_core.shell:Creating prefix util module '/home/tom/hayden_ws/Hayden_ws_ros/install/_local_setup_util_sh.py'
[6.661s] INFO:colcon.colcon_core.shell:Creating prefix chain script '/home/tom/hayden_ws/Hayden_ws_ros/install/setup.sh'
[6.662s] INFO:colcon.colcon_core.shell:Creating prefix script '/home/tom/hayden_ws/Hayden_ws_ros/install/local_setup.bash'
[6.662s] INFO:colcon.colcon_core.shell:Creating prefix chain script '/home/tom/hayden_ws/Hayden_ws_ros/install/setup.bash'
[6.663s] INFO:colcon.colcon_core.shell:Creating prefix script '/home/tom/hayden_ws/Hayden_ws_ros/install/local_setup.zsh'
[6.663s] INFO:colcon.colcon_core.shell:Creating prefix chain script '/home/tom/hayden_ws/Hayden_ws_ros/install/setup.zsh'
